// Jest Snapshot v1, https://goo.gl/fbAQLP

exports[`StreamClient should fetch eth block headers 1`] = `
Array [
  Object {
    "difficulty": "17179869184",
    "extraData": "0x11bbe8db4e347b4e8c937c1c8370e4b5ed33adb3db69cbdb7a38e1e50b1b82fa",
    "gasLimit": 5000,
    "gasUsed": 0,
    "hash": "0xd4e56740f876aef8c010b86a40d5f56745a118d0906a34e69aec8c0db1cb8fa3",
    "miner": "0x0000000000000000000000000000000000000000",
    "mixHash": "0x0000000000000000000000000000000000000000000000000000000000000000",
    "nonce": "0x0000000000000042",
    "number": 0,
    "parentHash": "0x0000000000000000000000000000000000000000000000000000000000000000",
    "receiptsRoot": "0x56e81f171bcc55a6ff8345e692c0f86e5b48e01b996cadc001622fb5e363b421",
    "sha3Uncles": "0x1dcc4de8dec75d7aab85b567b6ccd41ad312451b948a7413f0a142fd40d49347",
    "size": 540,
    "stateRoot": "0xd7f8974fb5ac78d9ac099b9ad5018bedc2ce0a72dad1827a1709da30580f0544",
    "timestamp": 0,
    "totalDifficulty": "17179869184",
    "transactionsRoot": "0x56e81f171bcc55a6ff8345e692c0f86e5b48e01b996cadc001622fb5e363b421",
  },
  Object {
    "difficulty": "17171480576",
    "extraData": "0x476574682f76312e302e302f6c696e75782f676f312e342e32",
    "gasLimit": 5000,
    "gasUsed": 0,
    "hash": "0x88e96d4537bea4d9c05d12549907b32561d3bf31f45aae734cdc119f13406cb6",
    "miner": "0x05a56e2d52c817161883f50c441c3228cfe54d9f",
    "mixHash": "0x969b900de27b6ac6a67742365dd65f55a0526c41fd18e1b16f1a1215c2e66f59",
    "nonce": "0x539bd4979fef1ec4",
    "number": 1,
    "parentHash": "0xd4e56740f876aef8c010b86a40d5f56745a118d0906a34e69aec8c0db1cb8fa3",
    "receiptsRoot": "0x56e81f171bcc55a6ff8345e692c0f86e5b48e01b996cadc001622fb5e363b421",
    "sha3Uncles": "0x1dcc4de8dec75d7aab85b567b6ccd41ad312451b948a7413f0a142fd40d49347",
    "size": 537,
    "stateRoot": "0xd67e4d450343046425ae4271474353857ab860dbc0a1dde64b41b5cd3a532bf3",
    "timestamp": 1438269988,
    "totalDifficulty": "34351349760",
    "transactionsRoot": "0x56e81f171bcc55a6ff8345e692c0f86e5b48e01b996cadc001622fb5e363b421",
  },
  Object {
    "difficulty": "17163096064",
    "extraData": "0x476574682f76312e302e302d30636463373634372f6c696e75782f676f312e34",
    "gasLimit": 5000,
    "gasUsed": 0,
    "hash": "0xb495a1d7e6663152ae92708da4843337b958146015a2802f4193a410044698c9",
    "miner": "0xdd2f1e6e498202e86d8f5442af596580a4f03c2c",
    "mixHash": "0x2f0790c5aa31ab94195e1f6443d645af5b75c46c04fbf9911711198a0ce8fdda",
    "nonce": "0xb853fa261a86aa9e",
    "number": 2,
    "parentHash": "0x88e96d4537bea4d9c05d12549907b32561d3bf31f45aae734cdc119f13406cb6",
    "receiptsRoot": "0x56e81f171bcc55a6ff8345e692c0f86e5b48e01b996cadc001622fb5e363b421",
    "sha3Uncles": "0x1dcc4de8dec75d7aab85b567b6ccd41ad312451b948a7413f0a142fd40d49347",
    "size": 544,
    "stateRoot": "0x4943d941637411107494da9ec8bc04359d731bfd08b72b4d0edcbd4cd2ecb341",
    "timestamp": 1438270017,
    "totalDifficulty": "51514445824",
    "transactionsRoot": "0x56e81f171bcc55a6ff8345e692c0f86e5b48e01b996cadc001622fb5e363b421",
  },
  Object {
    "difficulty": "17154715646",
    "extraData": "0x476574682f76312e302e302d66633739643332642f6c696e75782f676f312e34",
    "gasLimit": 5000,
    "gasUsed": 0,
    "hash": "0x3d6122660cc824376f11ee842f83addc3525e2dd6756b9bcf0affa6aa88cf741",
    "miner": "0x5088d623ba0fcf0131e0897a91734a4d83596aa0",
    "mixHash": "0x65e12eec23fe6555e6bcdb47aa25269ae106e5f16b54e1e92dcee25e1c8ad037",
    "nonce": "0x2e9344e0cbde83ce",
    "number": 3,
    "parentHash": "0xb495a1d7e6663152ae92708da4843337b958146015a2802f4193a410044698c9",
    "receiptsRoot": "0x56e81f171bcc55a6ff8345e692c0f86e5b48e01b996cadc001622fb5e363b421",
    "sha3Uncles": "0x6b17b938c6e4ef18b26ad81b9ca3515f27fd9c4e82aac56a1fd8eab288785e41",
    "size": 1079,
    "stateRoot": "0x76ab0b899e8387436ff2658e2988f83cbf1af1590b9fe9feca3714f8d1824940",
    "timestamp": 1438270048,
    "totalDifficulty": "68669161470",
    "transactionsRoot": "0x56e81f171bcc55a6ff8345e692c0f86e5b48e01b996cadc001622fb5e363b421",
  },
  Object {
    "difficulty": "17146339321",
    "extraData": "0x59617465732052616e64616c6c202d2045746865724e696e6a61",
    "gasLimit": 5000,
    "gasUsed": 0,
    "hash": "0x23adf5a3be0f5235b36941bcb29b62504278ec5b9cdfa277b992ba4a7a3cd3a2",
    "miner": "0xc8ebccc5f5689fa8659d83713341e5ad19349448",
    "mixHash": "0x06ba40902198357cbeac24a86b2ef11e9fdff48d28a421a0055e26476e3ac59f",
    "nonce": "0xc2535b5efca9bee0",
    "number": 4,
    "parentHash": "0x3d6122660cc824376f11ee842f83addc3525e2dd6756b9bcf0affa6aa88cf741",
    "receiptsRoot": "0x56e81f171bcc55a6ff8345e692c0f86e5b48e01b996cadc001622fb5e363b421",
    "sha3Uncles": "0x83a8da8965660cb6bdf0c37f1b111778e49753c4213bf7c3e280fccfde89f2b5",
    "size": 1079,
    "stateRoot": "0xe6d9f6e95a05ee69719c718c6157d0759049ef3dffdba2d48f015d7c8b9933d8",
    "timestamp": 1438270077,
    "totalDifficulty": "85815500791",
    "transactionsRoot": "0x56e81f171bcc55a6ff8345e692c0f86e5b48e01b996cadc001622fb5e363b421",
  },
  Object {
    "difficulty": "17154711556",
    "extraData": "0x476574682f76312e302e302f6c696e75782f676f312e342e32",
    "gasLimit": 5000,
    "gasUsed": 0,
    "hash": "0xf37c632d361e0a93f08ba29b1a2c708d9caa3ee19d1ee8d2a02612bffe49f0a9",
    "miner": "0x05a56e2d52c817161883f50c441c3228cfe54d9f",
    "mixHash": "0x17b85b5ec310c4868249fa2f378c83b4f330e2d897e5373a8195946c71d1d19e",
    "nonce": "0xfba9d0cff9dc5cf3",
    "number": 5,
    "parentHash": "0x23adf5a3be0f5235b36941bcb29b62504278ec5b9cdfa277b992ba4a7a3cd3a2",
    "receiptsRoot": "0x56e81f171bcc55a6ff8345e692c0f86e5b48e01b996cadc001622fb5e363b421",
    "sha3Uncles": "0x1dcc4de8dec75d7aab85b567b6ccd41ad312451b948a7413f0a142fd40d49347",
    "size": 537,
    "stateRoot": "0x4470f3dc1cc8097394a4ae85302eac3368462b3c1cfa523ffca942c1dd478220",
    "timestamp": 1438270083,
    "totalDifficulty": "102970212347",
    "transactionsRoot": "0x56e81f171bcc55a6ff8345e692c0f86e5b48e01b996cadc001622fb5e363b421",
  },
  Object {
    "difficulty": "17146335232",
    "extraData": "0x476574682f76312e302e302f6c696e75782f676f312e342e32",
    "gasLimit": 5000,
    "gasUsed": 0,
    "hash": "0x1f1aed8e3694a067496c248e61879cda99b0709a1dfbacd0b693750df06b326e",
    "miner": "0x0193d941b50d91be6567c7ee1c0fe7af498b4137",
    "mixHash": "0xe6b5a554255ab2e92deefe1f58933e3f3a963f06d1b2bc276e9be4676f95d3e3",
    "nonce": "0x7bb9369dcbaec019",
    "number": 6,
    "parentHash": "0xf37c632d361e0a93f08ba29b1a2c708d9caa3ee19d1ee8d2a02612bffe49f0a9",
    "receiptsRoot": "0x56e81f171bcc55a6ff8345e692c0f86e5b48e01b996cadc001622fb5e363b421",
    "sha3Uncles": "0x1dcc4de8dec75d7aab85b567b6ccd41ad312451b948a7413f0a142fd40d49347",
    "size": 537,
    "stateRoot": "0xc211464e6957ae62a33c2146cf36371222ea4557c42efe9c618971e09d056aae",
    "timestamp": 1438270107,
    "totalDifficulty": "120116547579",
    "transactionsRoot": "0x56e81f171bcc55a6ff8345e692c0f86e5b48e01b996cadc001622fb5e363b421",
  },
  Object {
    "difficulty": "17154707466",
    "extraData": "0x476574682f76312e302e302d30636463373634372f6c696e75782f676f312e34",
    "gasLimit": 5000,
    "gasUsed": 0,
    "hash": "0xe0c7c0b46e116b874354dce6f64b8581bd239186b03f30a978e3dc38656f723a",
    "miner": "0xdd2f1e6e498202e86d8f5442af596580a4f03c2c",
    "mixHash": "0x78c0659960a21273ec4d970e7c726c90159de8974c985d6d2bae051faffd8a6c",
    "nonce": "0x003050a94ffcb4ad",
    "number": 7,
    "parentHash": "0x1f1aed8e3694a067496c248e61879cda99b0709a1dfbacd0b693750df06b326e",
    "receiptsRoot": "0x56e81f171bcc55a6ff8345e692c0f86e5b48e01b996cadc001622fb5e363b421",
    "sha3Uncles": "0xcc26cf0d48bda0698b981c07abcd43d8577b0de0b7befa58cb51b738d4ba18e1",
    "size": 1078,
    "stateRoot": "0xff8d97d9ca01ee59c793c4da2ba4ce8c31d358b42f216ab2f11af4bb097b6a2b",
    "timestamp": 1438270110,
    "totalDifficulty": "137271255045",
    "transactionsRoot": "0x56e81f171bcc55a6ff8345e692c0f86e5b48e01b996cadc001622fb5e363b421",
  },
  Object {
    "difficulty": "17163083788",
    "extraData": "0x476574682f76312e302e302f6c696e75782f676f312e342e32",
    "gasLimit": 5000,
    "gasUsed": 0,
    "hash": "0x2ce94342df186bab4165c268c43ab982d360c9474f429fec5565adfc5d1f258b",
    "miner": "0x0193d941b50d91be6567c7ee1c0fe7af498b4137",
    "mixHash": "0x101ca66695d3a5afdc52c7957292d2a1a22fb56fb3692650b2e181e84b4049ba",
    "nonce": "0xb997ca74c5c54860",
    "number": 8,
    "parentHash": "0xe0c7c0b46e116b874354dce6f64b8581bd239186b03f30a978e3dc38656f723a",
    "receiptsRoot": "0x56e81f171bcc55a6ff8345e692c0f86e5b48e01b996cadc001622fb5e363b421",
    "sha3Uncles": "0x1dcc4de8dec75d7aab85b567b6ccd41ad312451b948a7413f0a142fd40d49347",
    "size": 537,
    "stateRoot": "0x825c97560ec1bef29a50418ff4e377d18ffe8709ef1430b33b7c5299f34c3157",
    "timestamp": 1438270112,
    "totalDifficulty": "154434338833",
    "transactionsRoot": "0x56e81f171bcc55a6ff8345e692c0f86e5b48e01b996cadc001622fb5e363b421",
  },
  Object {
    "difficulty": "17171464200",
    "extraData": "0x476574682f76312e302e302d30636463373634372f6c696e75782f676f312e34",
    "gasLimit": 5000,
    "gasUsed": 0,
    "hash": "0x997e47bf4cac509c627753c06385ac866641ec6f883734ff7944411000dc576e",
    "miner": "0xdd2f1e6e498202e86d8f5442af596580a4f03c2c",
    "mixHash": "0x75588cae5e63ea1ef3cebb72b06b983b5c18c078389d4a5134ac302181fd27b4",
    "nonce": "0x5b2575f3f38a1310",
    "number": 9,
    "parentHash": "0x2ce94342df186bab4165c268c43ab982d360c9474f429fec5565adfc5d1f258b",
    "receiptsRoot": "0x56e81f171bcc55a6ff8345e692c0f86e5b48e01b996cadc001622fb5e363b421",
    "sha3Uncles": "0x1dcc4de8dec75d7aab85b567b6ccd41ad312451b948a7413f0a142fd40d49347",
    "size": 544,
    "stateRoot": "0xe208bde4aebc06bbd749674bee4b6ea7eb0c90b2bd950e2bc67f11b4669d93df",
    "timestamp": 1438270115,
    "totalDifficulty": "171605803033",
    "transactionsRoot": "0x56e81f171bcc55a6ff8345e692c0f86e5b48e01b996cadc001622fb5e363b421",
  },
]
`;

exports[`StreamClient should stream eth block headers 1`] = `
Array [
  Object {
    "difficulty": "17179869184",
    "extraData": "0x11bbe8db4e347b4e8c937c1c8370e4b5ed33adb3db69cbdb7a38e1e50b1b82fa",
    "gasLimit": 5000,
    "gasUsed": 0,
    "hash": "0xd4e56740f876aef8c010b86a40d5f56745a118d0906a34e69aec8c0db1cb8fa3",
    "miner": "0x0000000000000000000000000000000000000000",
    "mixHash": "0x0000000000000000000000000000000000000000000000000000000000000000",
    "nonce": "0x0000000000000042",
    "number": 0,
    "parentHash": "0x0000000000000000000000000000000000000000000000000000000000000000",
    "receiptsRoot": "0x56e81f171bcc55a6ff8345e692c0f86e5b48e01b996cadc001622fb5e363b421",
    "sha3Uncles": "0x1dcc4de8dec75d7aab85b567b6ccd41ad312451b948a7413f0a142fd40d49347",
    "size": 540,
    "stateRoot": "0xd7f8974fb5ac78d9ac099b9ad5018bedc2ce0a72dad1827a1709da30580f0544",
    "timestamp": 0,
    "totalDifficulty": "17179869184",
    "transactionsRoot": "0x56e81f171bcc55a6ff8345e692c0f86e5b48e01b996cadc001622fb5e363b421",
  },
  Object {
    "difficulty": "17171480576",
    "extraData": "0x476574682f76312e302e302f6c696e75782f676f312e342e32",
    "gasLimit": 5000,
    "gasUsed": 0,
    "hash": "0x88e96d4537bea4d9c05d12549907b32561d3bf31f45aae734cdc119f13406cb6",
    "miner": "0x05a56e2d52c817161883f50c441c3228cfe54d9f",
    "mixHash": "0x969b900de27b6ac6a67742365dd65f55a0526c41fd18e1b16f1a1215c2e66f59",
    "nonce": "0x539bd4979fef1ec4",
    "number": 1,
    "parentHash": "0xd4e56740f876aef8c010b86a40d5f56745a118d0906a34e69aec8c0db1cb8fa3",
    "receiptsRoot": "0x56e81f171bcc55a6ff8345e692c0f86e5b48e01b996cadc001622fb5e363b421",
    "sha3Uncles": "0x1dcc4de8dec75d7aab85b567b6ccd41ad312451b948a7413f0a142fd40d49347",
    "size": 537,
    "stateRoot": "0xd67e4d450343046425ae4271474353857ab860dbc0a1dde64b41b5cd3a532bf3",
    "timestamp": 1438269988,
    "totalDifficulty": "34351349760",
    "transactionsRoot": "0x56e81f171bcc55a6ff8345e692c0f86e5b48e01b996cadc001622fb5e363b421",
  },
  Object {
    "difficulty": "17163096064",
    "extraData": "0x476574682f76312e302e302d30636463373634372f6c696e75782f676f312e34",
    "gasLimit": 5000,
    "gasUsed": 0,
    "hash": "0xb495a1d7e6663152ae92708da4843337b958146015a2802f4193a410044698c9",
    "miner": "0xdd2f1e6e498202e86d8f5442af596580a4f03c2c",
    "mixHash": "0x2f0790c5aa31ab94195e1f6443d645af5b75c46c04fbf9911711198a0ce8fdda",
    "nonce": "0xb853fa261a86aa9e",
    "number": 2,
    "parentHash": "0x88e96d4537bea4d9c05d12549907b32561d3bf31f45aae734cdc119f13406cb6",
    "receiptsRoot": "0x56e81f171bcc55a6ff8345e692c0f86e5b48e01b996cadc001622fb5e363b421",
    "sha3Uncles": "0x1dcc4de8dec75d7aab85b567b6ccd41ad312451b948a7413f0a142fd40d49347",
    "size": 544,
    "stateRoot": "0x4943d941637411107494da9ec8bc04359d731bfd08b72b4d0edcbd4cd2ecb341",
    "timestamp": 1438270017,
    "totalDifficulty": "51514445824",
    "transactionsRoot": "0x56e81f171bcc55a6ff8345e692c0f86e5b48e01b996cadc001622fb5e363b421",
  },
  Object {
    "difficulty": "17154715646",
    "extraData": "0x476574682f76312e302e302d66633739643332642f6c696e75782f676f312e34",
    "gasLimit": 5000,
    "gasUsed": 0,
    "hash": "0x3d6122660cc824376f11ee842f83addc3525e2dd6756b9bcf0affa6aa88cf741",
    "miner": "0x5088d623ba0fcf0131e0897a91734a4d83596aa0",
    "mixHash": "0x65e12eec23fe6555e6bcdb47aa25269ae106e5f16b54e1e92dcee25e1c8ad037",
    "nonce": "0x2e9344e0cbde83ce",
    "number": 3,
    "parentHash": "0xb495a1d7e6663152ae92708da4843337b958146015a2802f4193a410044698c9",
    "receiptsRoot": "0x56e81f171bcc55a6ff8345e692c0f86e5b48e01b996cadc001622fb5e363b421",
    "sha3Uncles": "0x6b17b938c6e4ef18b26ad81b9ca3515f27fd9c4e82aac56a1fd8eab288785e41",
    "size": 1079,
    "stateRoot": "0x76ab0b899e8387436ff2658e2988f83cbf1af1590b9fe9feca3714f8d1824940",
    "timestamp": 1438270048,
    "totalDifficulty": "68669161470",
    "transactionsRoot": "0x56e81f171bcc55a6ff8345e692c0f86e5b48e01b996cadc001622fb5e363b421",
  },
  Object {
    "difficulty": "17146339321",
    "extraData": "0x59617465732052616e64616c6c202d2045746865724e696e6a61",
    "gasLimit": 5000,
    "gasUsed": 0,
    "hash": "0x23adf5a3be0f5235b36941bcb29b62504278ec5b9cdfa277b992ba4a7a3cd3a2",
    "miner": "0xc8ebccc5f5689fa8659d83713341e5ad19349448",
    "mixHash": "0x06ba40902198357cbeac24a86b2ef11e9fdff48d28a421a0055e26476e3ac59f",
    "nonce": "0xc2535b5efca9bee0",
    "number": 4,
    "parentHash": "0x3d6122660cc824376f11ee842f83addc3525e2dd6756b9bcf0affa6aa88cf741",
    "receiptsRoot": "0x56e81f171bcc55a6ff8345e692c0f86e5b48e01b996cadc001622fb5e363b421",
    "sha3Uncles": "0x83a8da8965660cb6bdf0c37f1b111778e49753c4213bf7c3e280fccfde89f2b5",
    "size": 1079,
    "stateRoot": "0xe6d9f6e95a05ee69719c718c6157d0759049ef3dffdba2d48f015d7c8b9933d8",
    "timestamp": 1438270077,
    "totalDifficulty": "85815500791",
    "transactionsRoot": "0x56e81f171bcc55a6ff8345e692c0f86e5b48e01b996cadc001622fb5e363b421",
  },
  Object {
    "difficulty": "17154711556",
    "extraData": "0x476574682f76312e302e302f6c696e75782f676f312e342e32",
    "gasLimit": 5000,
    "gasUsed": 0,
    "hash": "0xf37c632d361e0a93f08ba29b1a2c708d9caa3ee19d1ee8d2a02612bffe49f0a9",
    "miner": "0x05a56e2d52c817161883f50c441c3228cfe54d9f",
    "mixHash": "0x17b85b5ec310c4868249fa2f378c83b4f330e2d897e5373a8195946c71d1d19e",
    "nonce": "0xfba9d0cff9dc5cf3",
    "number": 5,
    "parentHash": "0x23adf5a3be0f5235b36941bcb29b62504278ec5b9cdfa277b992ba4a7a3cd3a2",
    "receiptsRoot": "0x56e81f171bcc55a6ff8345e692c0f86e5b48e01b996cadc001622fb5e363b421",
    "sha3Uncles": "0x1dcc4de8dec75d7aab85b567b6ccd41ad312451b948a7413f0a142fd40d49347",
    "size": 537,
    "stateRoot": "0x4470f3dc1cc8097394a4ae85302eac3368462b3c1cfa523ffca942c1dd478220",
    "timestamp": 1438270083,
    "totalDifficulty": "102970212347",
    "transactionsRoot": "0x56e81f171bcc55a6ff8345e692c0f86e5b48e01b996cadc001622fb5e363b421",
  },
  Object {
    "difficulty": "17146335232",
    "extraData": "0x476574682f76312e302e302f6c696e75782f676f312e342e32",
    "gasLimit": 5000,
    "gasUsed": 0,
    "hash": "0x1f1aed8e3694a067496c248e61879cda99b0709a1dfbacd0b693750df06b326e",
    "miner": "0x0193d941b50d91be6567c7ee1c0fe7af498b4137",
    "mixHash": "0xe6b5a554255ab2e92deefe1f58933e3f3a963f06d1b2bc276e9be4676f95d3e3",
    "nonce": "0x7bb9369dcbaec019",
    "number": 6,
    "parentHash": "0xf37c632d361e0a93f08ba29b1a2c708d9caa3ee19d1ee8d2a02612bffe49f0a9",
    "receiptsRoot": "0x56e81f171bcc55a6ff8345e692c0f86e5b48e01b996cadc001622fb5e363b421",
    "sha3Uncles": "0x1dcc4de8dec75d7aab85b567b6ccd41ad312451b948a7413f0a142fd40d49347",
    "size": 537,
    "stateRoot": "0xc211464e6957ae62a33c2146cf36371222ea4557c42efe9c618971e09d056aae",
    "timestamp": 1438270107,
    "totalDifficulty": "120116547579",
    "transactionsRoot": "0x56e81f171bcc55a6ff8345e692c0f86e5b48e01b996cadc001622fb5e363b421",
  },
  Object {
    "difficulty": "17154707466",
    "extraData": "0x476574682f76312e302e302d30636463373634372f6c696e75782f676f312e34",
    "gasLimit": 5000,
    "gasUsed": 0,
    "hash": "0xe0c7c0b46e116b874354dce6f64b8581bd239186b03f30a978e3dc38656f723a",
    "miner": "0xdd2f1e6e498202e86d8f5442af596580a4f03c2c",
    "mixHash": "0x78c0659960a21273ec4d970e7c726c90159de8974c985d6d2bae051faffd8a6c",
    "nonce": "0x003050a94ffcb4ad",
    "number": 7,
    "parentHash": "0x1f1aed8e3694a067496c248e61879cda99b0709a1dfbacd0b693750df06b326e",
    "receiptsRoot": "0x56e81f171bcc55a6ff8345e692c0f86e5b48e01b996cadc001622fb5e363b421",
    "sha3Uncles": "0xcc26cf0d48bda0698b981c07abcd43d8577b0de0b7befa58cb51b738d4ba18e1",
    "size": 1078,
    "stateRoot": "0xff8d97d9ca01ee59c793c4da2ba4ce8c31d358b42f216ab2f11af4bb097b6a2b",
    "timestamp": 1438270110,
    "totalDifficulty": "137271255045",
    "transactionsRoot": "0x56e81f171bcc55a6ff8345e692c0f86e5b48e01b996cadc001622fb5e363b421",
  },
  Object {
    "difficulty": "17163083788",
    "extraData": "0x476574682f76312e302e302f6c696e75782f676f312e342e32",
    "gasLimit": 5000,
    "gasUsed": 0,
    "hash": "0x2ce94342df186bab4165c268c43ab982d360c9474f429fec5565adfc5d1f258b",
    "miner": "0x0193d941b50d91be6567c7ee1c0fe7af498b4137",
    "mixHash": "0x101ca66695d3a5afdc52c7957292d2a1a22fb56fb3692650b2e181e84b4049ba",
    "nonce": "0xb997ca74c5c54860",
    "number": 8,
    "parentHash": "0xe0c7c0b46e116b874354dce6f64b8581bd239186b03f30a978e3dc38656f723a",
    "receiptsRoot": "0x56e81f171bcc55a6ff8345e692c0f86e5b48e01b996cadc001622fb5e363b421",
    "sha3Uncles": "0x1dcc4de8dec75d7aab85b567b6ccd41ad312451b948a7413f0a142fd40d49347",
    "size": 537,
    "stateRoot": "0x825c97560ec1bef29a50418ff4e377d18ffe8709ef1430b33b7c5299f34c3157",
    "timestamp": 1438270112,
    "totalDifficulty": "154434338833",
    "transactionsRoot": "0x56e81f171bcc55a6ff8345e692c0f86e5b48e01b996cadc001622fb5e363b421",
  },
  Object {
    "difficulty": "17171464200",
    "extraData": "0x476574682f76312e302e302d30636463373634372f6c696e75782f676f312e34",
    "gasLimit": 5000,
    "gasUsed": 0,
    "hash": "0x997e47bf4cac509c627753c06385ac866641ec6f883734ff7944411000dc576e",
    "miner": "0xdd2f1e6e498202e86d8f5442af596580a4f03c2c",
    "mixHash": "0x75588cae5e63ea1ef3cebb72b06b983b5c18c078389d4a5134ac302181fd27b4",
    "nonce": "0x5b2575f3f38a1310",
    "number": 9,
    "parentHash": "0x2ce94342df186bab4165c268c43ab982d360c9474f429fec5565adfc5d1f258b",
    "receiptsRoot": "0x56e81f171bcc55a6ff8345e692c0f86e5b48e01b996cadc001622fb5e363b421",
    "sha3Uncles": "0x1dcc4de8dec75d7aab85b567b6ccd41ad312451b948a7413f0a142fd40d49347",
    "size": 544,
    "stateRoot": "0xe208bde4aebc06bbd749674bee4b6ea7eb0c90b2bd950e2bc67f11b4669d93df",
    "timestamp": 1438270115,
    "totalDifficulty": "171605803033",
    "transactionsRoot": "0x56e81f171bcc55a6ff8345e692c0f86e5b48e01b996cadc001622fb5e363b421",
  },
]
`;

exports[`StreamClient should stream events 1`] = `
Array [
  Object {
    "difficulty": "17179869184",
    "extraData": "0x11bbe8db4e347b4e8c937c1c8370e4b5ed33adb3db69cbdb7a38e1e50b1b82fa",
    "gasLimit": 5000,
    "gasUsed": 0,
    "hash": "0xd4e56740f876aef8c010b86a40d5f56745a118d0906a34e69aec8c0db1cb8fa3",
    "miner": "0x0000000000000000000000000000000000000000",
    "mixHash": "0x0000000000000000000000000000000000000000000000000000000000000000",
    "nonce": "0x0000000000000042",
    "number": 0,
    "parentHash": "0x0000000000000000000000000000000000000000000000000000000000000000",
    "receiptsRoot": "0x56e81f171bcc55a6ff8345e692c0f86e5b48e01b996cadc001622fb5e363b421",
    "sha3Uncles": "0x1dcc4de8dec75d7aab85b567b6ccd41ad312451b948a7413f0a142fd40d49347",
    "size": 540,
    "stateRoot": "0xd7f8974fb5ac78d9ac099b9ad5018bedc2ce0a72dad1827a1709da30580f0544",
    "timestamp": 0,
    "totalDifficulty": "17179869184",
    "transactionsRoot": "0x56e81f171bcc55a6ff8345e692c0f86e5b48e01b996cadc001622fb5e363b421",
  },
  Object {
    "difficulty": "17171480576",
    "extraData": "0x476574682f76312e302e302f6c696e75782f676f312e342e32",
    "gasLimit": 5000,
    "gasUsed": 0,
    "hash": "0x88e96d4537bea4d9c05d12549907b32561d3bf31f45aae734cdc119f13406cb6",
    "miner": "0x05a56e2d52c817161883f50c441c3228cfe54d9f",
    "mixHash": "0x969b900de27b6ac6a67742365dd65f55a0526c41fd18e1b16f1a1215c2e66f59",
    "nonce": "0x539bd4979fef1ec4",
    "number": 1,
    "parentHash": "0xd4e56740f876aef8c010b86a40d5f56745a118d0906a34e69aec8c0db1cb8fa3",
    "receiptsRoot": "0x56e81f171bcc55a6ff8345e692c0f86e5b48e01b996cadc001622fb5e363b421",
    "sha3Uncles": "0x1dcc4de8dec75d7aab85b567b6ccd41ad312451b948a7413f0a142fd40d49347",
    "size": 537,
    "stateRoot": "0xd67e4d450343046425ae4271474353857ab860dbc0a1dde64b41b5cd3a532bf3",
    "timestamp": 1438269988,
    "totalDifficulty": "34351349760",
    "transactionsRoot": "0x56e81f171bcc55a6ff8345e692c0f86e5b48e01b996cadc001622fb5e363b421",
  },
  Object {
    "difficulty": "17163096064",
    "extraData": "0x476574682f76312e302e302d30636463373634372f6c696e75782f676f312e34",
    "gasLimit": 5000,
    "gasUsed": 0,
    "hash": "0xb495a1d7e6663152ae92708da4843337b958146015a2802f4193a410044698c9",
    "miner": "0xdd2f1e6e498202e86d8f5442af596580a4f03c2c",
    "mixHash": "0x2f0790c5aa31ab94195e1f6443d645af5b75c46c04fbf9911711198a0ce8fdda",
    "nonce": "0xb853fa261a86aa9e",
    "number": 2,
    "parentHash": "0x88e96d4537bea4d9c05d12549907b32561d3bf31f45aae734cdc119f13406cb6",
    "receiptsRoot": "0x56e81f171bcc55a6ff8345e692c0f86e5b48e01b996cadc001622fb5e363b421",
    "sha3Uncles": "0x1dcc4de8dec75d7aab85b567b6ccd41ad312451b948a7413f0a142fd40d49347",
    "size": 544,
    "stateRoot": "0x4943d941637411107494da9ec8bc04359d731bfd08b72b4d0edcbd4cd2ecb341",
    "timestamp": 1438270017,
    "totalDifficulty": "51514445824",
    "transactionsRoot": "0x56e81f171bcc55a6ff8345e692c0f86e5b48e01b996cadc001622fb5e363b421",
  },
  Object {
    "difficulty": "17154715646",
    "extraData": "0x476574682f76312e302e302d66633739643332642f6c696e75782f676f312e34",
    "gasLimit": 5000,
    "gasUsed": 0,
    "hash": "0x3d6122660cc824376f11ee842f83addc3525e2dd6756b9bcf0affa6aa88cf741",
    "miner": "0x5088d623ba0fcf0131e0897a91734a4d83596aa0",
    "mixHash": "0x65e12eec23fe6555e6bcdb47aa25269ae106e5f16b54e1e92dcee25e1c8ad037",
    "nonce": "0x2e9344e0cbde83ce",
    "number": 3,
    "parentHash": "0xb495a1d7e6663152ae92708da4843337b958146015a2802f4193a410044698c9",
    "receiptsRoot": "0x56e81f171bcc55a6ff8345e692c0f86e5b48e01b996cadc001622fb5e363b421",
    "sha3Uncles": "0x6b17b938c6e4ef18b26ad81b9ca3515f27fd9c4e82aac56a1fd8eab288785e41",
    "size": 1079,
    "stateRoot": "0x76ab0b899e8387436ff2658e2988f83cbf1af1590b9fe9feca3714f8d1824940",
    "timestamp": 1438270048,
    "totalDifficulty": "68669161470",
    "transactionsRoot": "0x56e81f171bcc55a6ff8345e692c0f86e5b48e01b996cadc001622fb5e363b421",
  },
  Object {
    "difficulty": "17146339321",
    "extraData": "0x59617465732052616e64616c6c202d2045746865724e696e6a61",
    "gasLimit": 5000,
    "gasUsed": 0,
    "hash": "0x23adf5a3be0f5235b36941bcb29b62504278ec5b9cdfa277b992ba4a7a3cd3a2",
    "miner": "0xc8ebccc5f5689fa8659d83713341e5ad19349448",
    "mixHash": "0x06ba40902198357cbeac24a86b2ef11e9fdff48d28a421a0055e26476e3ac59f",
    "nonce": "0xc2535b5efca9bee0",
    "number": 4,
    "parentHash": "0x3d6122660cc824376f11ee842f83addc3525e2dd6756b9bcf0affa6aa88cf741",
    "receiptsRoot": "0x56e81f171bcc55a6ff8345e692c0f86e5b48e01b996cadc001622fb5e363b421",
    "sha3Uncles": "0x83a8da8965660cb6bdf0c37f1b111778e49753c4213bf7c3e280fccfde89f2b5",
    "size": 1079,
    "stateRoot": "0xe6d9f6e95a05ee69719c718c6157d0759049ef3dffdba2d48f015d7c8b9933d8",
    "timestamp": 1438270077,
    "totalDifficulty": "85815500791",
    "transactionsRoot": "0x56e81f171bcc55a6ff8345e692c0f86e5b48e01b996cadc001622fb5e363b421",
  },
  Object {
    "difficulty": "17154711556",
    "extraData": "0x476574682f76312e302e302f6c696e75782f676f312e342e32",
    "gasLimit": 5000,
    "gasUsed": 0,
    "hash": "0xf37c632d361e0a93f08ba29b1a2c708d9caa3ee19d1ee8d2a02612bffe49f0a9",
    "miner": "0x05a56e2d52c817161883f50c441c3228cfe54d9f",
    "mixHash": "0x17b85b5ec310c4868249fa2f378c83b4f330e2d897e5373a8195946c71d1d19e",
    "nonce": "0xfba9d0cff9dc5cf3",
    "number": 5,
    "parentHash": "0x23adf5a3be0f5235b36941bcb29b62504278ec5b9cdfa277b992ba4a7a3cd3a2",
    "receiptsRoot": "0x56e81f171bcc55a6ff8345e692c0f86e5b48e01b996cadc001622fb5e363b421",
    "sha3Uncles": "0x1dcc4de8dec75d7aab85b567b6ccd41ad312451b948a7413f0a142fd40d49347",
    "size": 537,
    "stateRoot": "0x4470f3dc1cc8097394a4ae85302eac3368462b3c1cfa523ffca942c1dd478220",
    "timestamp": 1438270083,
    "totalDifficulty": "102970212347",
    "transactionsRoot": "0x56e81f171bcc55a6ff8345e692c0f86e5b48e01b996cadc001622fb5e363b421",
  },
  Object {
    "difficulty": "17146335232",
    "extraData": "0x476574682f76312e302e302f6c696e75782f676f312e342e32",
    "gasLimit": 5000,
    "gasUsed": 0,
    "hash": "0x1f1aed8e3694a067496c248e61879cda99b0709a1dfbacd0b693750df06b326e",
    "miner": "0x0193d941b50d91be6567c7ee1c0fe7af498b4137",
    "mixHash": "0xe6b5a554255ab2e92deefe1f58933e3f3a963f06d1b2bc276e9be4676f95d3e3",
    "nonce": "0x7bb9369dcbaec019",
    "number": 6,
    "parentHash": "0xf37c632d361e0a93f08ba29b1a2c708d9caa3ee19d1ee8d2a02612bffe49f0a9",
    "receiptsRoot": "0x56e81f171bcc55a6ff8345e692c0f86e5b48e01b996cadc001622fb5e363b421",
    "sha3Uncles": "0x1dcc4de8dec75d7aab85b567b6ccd41ad312451b948a7413f0a142fd40d49347",
    "size": 537,
    "stateRoot": "0xc211464e6957ae62a33c2146cf36371222ea4557c42efe9c618971e09d056aae",
    "timestamp": 1438270107,
    "totalDifficulty": "120116547579",
    "transactionsRoot": "0x56e81f171bcc55a6ff8345e692c0f86e5b48e01b996cadc001622fb5e363b421",
  },
  Object {
    "difficulty": "17154707466",
    "extraData": "0x476574682f76312e302e302d30636463373634372f6c696e75782f676f312e34",
    "gasLimit": 5000,
    "gasUsed": 0,
    "hash": "0xe0c7c0b46e116b874354dce6f64b8581bd239186b03f30a978e3dc38656f723a",
    "miner": "0xdd2f1e6e498202e86d8f5442af596580a4f03c2c",
    "mixHash": "0x78c0659960a21273ec4d970e7c726c90159de8974c985d6d2bae051faffd8a6c",
    "nonce": "0x003050a94ffcb4ad",
    "number": 7,
    "parentHash": "0x1f1aed8e3694a067496c248e61879cda99b0709a1dfbacd0b693750df06b326e",
    "receiptsRoot": "0x56e81f171bcc55a6ff8345e692c0f86e5b48e01b996cadc001622fb5e363b421",
    "sha3Uncles": "0xcc26cf0d48bda0698b981c07abcd43d8577b0de0b7befa58cb51b738d4ba18e1",
    "size": 1078,
    "stateRoot": "0xff8d97d9ca01ee59c793c4da2ba4ce8c31d358b42f216ab2f11af4bb097b6a2b",
    "timestamp": 1438270110,
    "totalDifficulty": "137271255045",
    "transactionsRoot": "0x56e81f171bcc55a6ff8345e692c0f86e5b48e01b996cadc001622fb5e363b421",
  },
  Object {
    "difficulty": "17163083788",
    "extraData": "0x476574682f76312e302e302f6c696e75782f676f312e342e32",
    "gasLimit": 5000,
    "gasUsed": 0,
    "hash": "0x2ce94342df186bab4165c268c43ab982d360c9474f429fec5565adfc5d1f258b",
    "miner": "0x0193d941b50d91be6567c7ee1c0fe7af498b4137",
    "mixHash": "0x101ca66695d3a5afdc52c7957292d2a1a22fb56fb3692650b2e181e84b4049ba",
    "nonce": "0xb997ca74c5c54860",
    "number": 8,
    "parentHash": "0xe0c7c0b46e116b874354dce6f64b8581bd239186b03f30a978e3dc38656f723a",
    "receiptsRoot": "0x56e81f171bcc55a6ff8345e692c0f86e5b48e01b996cadc001622fb5e363b421",
    "sha3Uncles": "0x1dcc4de8dec75d7aab85b567b6ccd41ad312451b948a7413f0a142fd40d49347",
    "size": 537,
    "stateRoot": "0x825c97560ec1bef29a50418ff4e377d18ffe8709ef1430b33b7c5299f34c3157",
    "timestamp": 1438270112,
    "totalDifficulty": "154434338833",
    "transactionsRoot": "0x56e81f171bcc55a6ff8345e692c0f86e5b48e01b996cadc001622fb5e363b421",
  },
  Object {
    "difficulty": "17171464200",
    "extraData": "0x476574682f76312e302e302d30636463373634372f6c696e75782f676f312e34",
    "gasLimit": 5000,
    "gasUsed": 0,
    "hash": "0x997e47bf4cac509c627753c06385ac866641ec6f883734ff7944411000dc576e",
    "miner": "0xdd2f1e6e498202e86d8f5442af596580a4f03c2c",
    "mixHash": "0x75588cae5e63ea1ef3cebb72b06b983b5c18c078389d4a5134ac302181fd27b4",
    "nonce": "0x5b2575f3f38a1310",
    "number": 9,
    "parentHash": "0x2ce94342df186bab4165c268c43ab982d360c9474f429fec5565adfc5d1f258b",
    "receiptsRoot": "0x56e81f171bcc55a6ff8345e692c0f86e5b48e01b996cadc001622fb5e363b421",
    "sha3Uncles": "0x1dcc4de8dec75d7aab85b567b6ccd41ad312451b948a7413f0a142fd40d49347",
    "size": 544,
    "stateRoot": "0xe208bde4aebc06bbd749674bee4b6ea7eb0c90b2bd950e2bc67f11b4669d93df",
    "timestamp": 1438270115,
    "totalDifficulty": "171605803033",
    "transactionsRoot": "0x56e81f171bcc55a6ff8345e692c0f86e5b48e01b996cadc001622fb5e363b421",
  },
]
`;
