// Jest Snapshot v1, https://goo.gl/fbAQLP

exports[`StreamRegistryClient should get all streams 1`] = `
Array [
  Stream {
    "endpoints": Object {
      "buh": Object {
        "stats": Object {
          "end": Offset {
            "height": 15983284n,
            "id": "0xdbeaeae4a41a6f21f3e0dd002c8cfefb08d997f3130d6772daaf5ce94f3765f9",
            "timestamp": Timestamp {
              "epochMs": NaN,
              "parts": Array [
                "׮��]5۽4",
              ],
            },
          },
          "length": 15983284,
          "start": Offset {
            "height": 0n,
            "id": "",
            "timestamp": Timestamp {
              "epochMs": 0,
              "parts": Array [],
            },
          },
          "storageSize": -661274624,
        },
        "uri": "streams.buh.apps.proxima.one:443",
      },
    },
    "metadata": StreamMetadata {
      "description": "",
      "labels": Object {
        "encoding": "json",
      },
    },
    "name": "proxima.eth-main.blocks.1_0",
  },
  Stream {
    "endpoints": Object {},
    "metadata": StreamMetadata {
      "description": "",
      "labels": Object {
        "encoding": "proto",
      },
    },
    "name": "proxima.eth-main.blocks-sync.1_0",
  },
  Stream {
    "endpoints": Object {
      "buh": Object {
        "stats": Object {
          "end": Offset {
            "height": 7964203n,
            "id": "0xcabdc85575e62e9121d6868530aa599cf43604f32ae2f2d878aaa0e4e7842b1e",
            "timestamp": Timestamp {
              "epochMs": NaN,
              "parts": Array [
                "׮��]5׭4",
              ],
            },
          },
          "length": 7964203,
          "start": Offset {
            "height": 0n,
            "id": "",
            "timestamp": Timestamp {
              "epochMs": 0,
              "parts": Array [],
            },
          },
          "storageSize": 1726889984,
        },
        "uri": "streams.buh.apps.proxima.one:443",
      },
    },
    "metadata": StreamMetadata {
      "description": "",
      "labels": Object {
        "encoding": "json",
      },
    },
    "name": "proxima.eth-goerli.blocks.1_0",
  },
  Stream {
    "endpoints": Object {},
    "metadata": StreamMetadata {
      "description": "",
      "labels": Object {
        "encoding": "proto",
      },
    },
    "name": "proxima.eth-goerli.blocks-sync.1_0",
  },
  Stream {
    "endpoints": Object {
      "buh": Object {
        "stats": Object {
          "end": Offset {
            "height": 35610700n,
            "id": "0x755bd14dcb4d3e8012c47f250f49ced478e250c4a7641346b25137d52b87b119",
            "timestamp": Timestamp {
              "epochMs": NaN,
              "parts": Array [
                "׮��x�m4",
              ],
            },
          },
          "length": 35610700,
          "start": Offset {
            "height": 0n,
            "id": "",
            "timestamp": Timestamp {
              "epochMs": 0,
              "parts": Array [],
            },
          },
          "storageSize": -634925056,
        },
        "uri": "streams.buh.apps.proxima.one:443",
      },
    },
    "metadata": StreamMetadata {
      "description": "",
      "labels": Object {
        "encoding": "json",
      },
    },
    "name": "proxima.polygon-main.blocks.1_0",
  },
  Stream {
    "endpoints": Object {},
    "metadata": StreamMetadata {
      "description": "",
      "labels": Object {
        "encoding": "proto",
      },
    },
    "name": "proxima.polygon-main.blocks-sync.1_0",
  },
  Stream {
    "endpoints": Object {
      "buh": Object {
        "stats": Object {
          "end": Offset {
            "height": 29167876n,
            "id": "0x313540028680dea4f84e3f60d50619a5a8f9f397098cf9e499cbe876fa466748",
            "timestamp": Timestamp {
              "epochMs": NaN,
              "parts": Array [
                "׮��o:�]4",
              ],
            },
          },
          "length": 29167876,
          "start": Offset {
            "height": 0n,
            "id": "",
            "timestamp": Timestamp {
              "epochMs": 0,
              "parts": Array [],
            },
          },
          "storageSize": 2092257280,
        },
        "uri": "streams.buh.apps.proxima.one:443",
      },
    },
    "metadata": StreamMetadata {
      "description": "",
      "labels": Object {
        "encoding": "json",
      },
    },
    "name": "proxima.polygon-mumbai.blocks.1_0",
  },
  Stream {
    "endpoints": Object {},
    "metadata": StreamMetadata {
      "description": "",
      "labels": Object {
        "encoding": "proto",
      },
    },
    "name": "proxima.polygon-mumbai.blocks-sync.1_0",
  },
  Stream {
    "endpoints": Object {},
    "metadata": StreamMetadata {
      "description": "",
      "labels": Object {
        "encoding": "json",
      },
    },
    "name": "proxima.univ2.eth-main.domain-events.1_0",
  },
  Stream {
    "endpoints": Object {},
    "metadata": StreamMetadata {
      "description": "",
      "labels": Object {
        "encoding": "json",
      },
    },
    "name": "proxima.univ3.eth-main.domain-events.1_0",
  },
  Stream {
    "endpoints": Object {},
    "metadata": StreamMetadata {
      "description": "",
      "labels": Object {
        "encoding": "json",
      },
    },
    "name": "proxima.univ3.polygon-main.domain-events.1_0",
  },
]
`;
